// Jest Snapshot v1, https://goo.gl/fbAQLP

exports[`DropDown Component should be able click the dropdown  1`] = `
ShallowWrapper {
  "length": 1,
  Symbol(enzyme.__root__): [Circular],
  Symbol(enzyme.__unrendered__): <DropDown
    onChange={[MockFunction]}
  />,
  Symbol(enzyme.__renderer__): Object {
    "batchedUpdates": [Function],
    "getNode": [Function],
    "render": [Function],
    "simulateEvent": [Function],
    "unmount": [Function],
  },
  Symbol(enzyme.__node__): Object {
    "instance": null,
    "key": undefined,
    "nodeType": "host",
    "props": Object {
      "children": <select
        onChange={[MockFunction]}
      >
        <option
          value="0"
        >
          Progress#1
        </option>
        <option
          value="1"
        >
          Progress#2
        </option>
        <option
          value="2"
        >
          Progress#3
        </option>
      </select>,
      "className": "styled-select",
    },
    "ref": null,
    "rendered": Object {
      "instance": null,
      "key": undefined,
      "nodeType": "host",
      "props": Object {
        "children": Array [
          <option
            value="0"
          >
            Progress#1
          </option>,
          <option
            value="1"
          >
            Progress#2
          </option>,
          <option
            value="2"
          >
            Progress#3
          </option>,
        ],
        "onChange": [MockFunction],
      },
      "ref": null,
      "rendered": Array [
        Object {
          "instance": null,
          "key": undefined,
          "nodeType": "host",
          "props": Object {
            "children": "Progress#1",
            "value": "0",
          },
          "ref": null,
          "rendered": "Progress#1",
          "type": "option",
        },
        Object {
          "instance": null,
          "key": undefined,
          "nodeType": "host",
          "props": Object {
            "children": "Progress#2",
            "value": "1",
          },
          "ref": null,
          "rendered": "Progress#2",
          "type": "option",
        },
        Object {
          "instance": null,
          "key": undefined,
          "nodeType": "host",
          "props": Object {
            "children": "Progress#3",
            "value": "2",
          },
          "ref": null,
          "rendered": "Progress#3",
          "type": "option",
        },
      ],
      "type": "select",
    },
    "type": "div",
  },
  Symbol(enzyme.__nodes__): Array [
    Object {
      "instance": null,
      "key": undefined,
      "nodeType": "host",
      "props": Object {
        "children": <select
          onChange={[MockFunction]}
        >
          <option
            value="0"
          >
            Progress#1
          </option>
          <option
            value="1"
          >
            Progress#2
          </option>
          <option
            value="2"
          >
            Progress#3
          </option>
        </select>,
        "className": "styled-select",
      },
      "ref": null,
      "rendered": Object {
        "instance": null,
        "key": undefined,
        "nodeType": "host",
        "props": Object {
          "children": Array [
            <option
              value="0"
            >
              Progress#1
            </option>,
            <option
              value="1"
            >
              Progress#2
            </option>,
            <option
              value="2"
            >
              Progress#3
            </option>,
          ],
          "onChange": [MockFunction],
        },
        "ref": null,
        "rendered": Array [
          Object {
            "instance": null,
            "key": undefined,
            "nodeType": "host",
            "props": Object {
              "children": "Progress#1",
              "value": "0",
            },
            "ref": null,
            "rendered": "Progress#1",
            "type": "option",
          },
          Object {
            "instance": null,
            "key": undefined,
            "nodeType": "host",
            "props": Object {
              "children": "Progress#2",
              "value": "1",
            },
            "ref": null,
            "rendered": "Progress#2",
            "type": "option",
          },
          Object {
            "instance": null,
            "key": undefined,
            "nodeType": "host",
            "props": Object {
              "children": "Progress#3",
              "value": "2",
            },
            "ref": null,
            "rendered": "Progress#3",
            "type": "option",
          },
        ],
        "type": "select",
      },
      "type": "div",
    },
  ],
  Symbol(enzyme.__options__): Object {
    "adapter": ReactSixteenAdapter {
      "options": Object {
        "enableComponentDidUpdateOnSetState": true,
      },
    },
  },
}
`;
